com.github.pfichtner.showcasre.mockapproval.TestMockitoApprovals$HttpClient#patch(/foo/21,{someArg=42})
com.github.pfichtner.showcasre.mockapproval.TestMockitoApprovals$HttpClient#patch(/foo/bar/42,{someOtherArg=84})
